🕒 Started: Sa 08 Aug 2026 11:18:53 CEST
🚀 Starting handle script for TurboBird [x86_64-linux64-gtk2-debug], version 1.2.1.1282
📌 SRC initially points to: /home/maurog/daten/mustafa/entwicklung/windows/lazarus/FireBird/turbobird/src/handle_scripts/../../bin/x86_64-linux64-gtk2-debug/TurboBird_x86_64-linux64-gtk2-debug/TurboBird_x86_64-linux64-gtk2-debug
+ '[' ON = ON ']'
+ log '🚀 Starting handle script for TurboBird [x86_64-linux64-gtk2-debug], version 1.2.1.1282'
+ echo '🚀 Starting handle script for TurboBird [x86_64-linux64-gtk2-debug], version 1.2.1.1282'
🚀 Starting handle script for TurboBird [x86_64-linux64-gtk2-debug], version 1.2.1.1282
+ '[' ON = ON ']'
+ echo '🚀 Starting handle script for TurboBird [x86_64-linux64-gtk2-debug], version 1.2.1.1282'
+ SRC=/home/maurog/daten/mustafa/entwicklung/windows/lazarus/FireBird/turbobird/src/handle_scripts/../../bin/x86_64-linux64-gtk2-debug/TurboBird_x86_64-linux64-gtk2-debug/TurboBird_x86_64-linux64-gtk2-debug
+ '[' -f /home/maurog/daten/mustafa/entwicklung/windows/lazarus/FireBird/turbobird/src/handle_scripts/../../bin/x86_64-linux64-gtk2-debug/TurboBird_x86_64-linux64-gtk2-debug/TurboBird_x86_64-linux64-gtk2-debug.exe ']'
+ log '📌 SRC initially points to: /home/maurog/daten/mustafa/entwicklung/windows/lazarus/FireBird/turbobird/src/handle_scripts/../../bin/x86_64-linux64-gtk2-debug/TurboBird_x86_64-linux64-gtk2-debug/TurboBird_x86_64-linux64-gtk2-debug'
+ echo '📌 SRC initially points to: /home/maurog/daten/mustafa/entwicklung/windows/lazarus/FireBird/turbobird/src/handle_scripts/../../bin/x86_64-linux64-gtk2-debug/TurboBird_x86_64-linux64-gtk2-debug/TurboBird_x86_64-linux64-gtk2-debug'
📌 SRC initially points to: /home/maurog/daten/mustafa/entwicklung/windows/lazarus/FireBird/turbobird/src/handle_scripts/../../bin/x86_64-linux64-gtk2-debug/TurboBird_x86_64-linux64-gtk2-debug/TurboBird_x86_64-linux64-gtk2-debug
+ '[' ON = ON ']'
+ echo '📌 SRC initially points to: /home/maurog/daten/mustafa/entwicklung/windows/lazarus/FireBird/turbobird/src/handle_scripts/../../bin/x86_64-linux64-gtk2-debug/TurboBird_x86_64-linux64-gtk2-debug/TurboBird_x86_64-linux64-gtk2-debug'
+ handle_file /home/maurog/daten/mustafa/entwicklung/windows/lazarus/FireBird/turbobird/src/handle_scripts/../../bin/x86_64-linux64-gtk2-debug/TurboBird_x86_64-linux64-gtk2-debug/TurboBird_x86_64-linux64-gtk2-debug
+ local src=/home/maurog/daten/mustafa/entwicklung/windows/lazarus/FireBird/turbobird/src/handle_scripts/../../bin/x86_64-linux64-gtk2-debug/TurboBird_x86_64-linux64-gtk2-debug/TurboBird_x86_64-linux64-gtk2-debug
+ DST=/home/maurog/daten/mustafa/entwicklung/windows/lazarus/FireBird/turbobird/src/handle_scripts/../../bin/x86_64-linux64-gtk2-debug/TurboBird_x86_64-linux64-gtk2-debug/TurboBird_x86_64-linux64-gtk2-debug
+ '[' ON = ON ']'
+ [[ /home/maurog/daten/mustafa/entwicklung/windows/lazarus/FireBird/turbobird/src/handle_scripts/../../bin/x86_64-linux64-gtk2-debug/TurboBird_x86_64-linux64-gtk2-debug/TurboBird_x86_64-linux64-gtk2-debug == *.exe ]]
+ DST=/home/maurog/daten/mustafa/entwicklung/windows/lazarus/FireBird/turbobird/src/handle_scripts/../../bin/x86_64-linux64-gtk2-debug/TurboBird_x86_64-linux64-gtk2-debug/TurboBird_x86_64-linux64-gtk2-debug-v1.2.1.1282
+ mv /home/maurog/daten/mustafa/entwicklung/windows/lazarus/FireBird/turbobird/src/handle_scripts/../../bin/x86_64-linux64-gtk2-debug/TurboBird_x86_64-linux64-gtk2-debug/TurboBird_x86_64-linux64-gtk2-debug /home/maurog/daten/mustafa/entwicklung/windows/lazarus/FireBird/turbobird/src/handle_scripts/../../bin/x86_64-linux64-gtk2-debug/TurboBird_x86_64-linux64-gtk2-debug/TurboBird_x86_64-linux64-gtk2-debug-v1.2.1.1282
+ log '✅ File renamed with version: /home/maurog/daten/mustafa/entwicklung/windows/lazarus/FireBird/turbobird/src/handle_scripts/../../bin/x86_64-linux64-gtk2-debug/TurboBird_x86_64-linux64-gtk2-debug/TurboBird_x86_64-linux64-gtk2-debug-v1.2.1.1282'
✅ File renamed with version: /home/maurog/daten/mustafa/entwicklung/windows/lazarus/FireBird/turbobird/src/handle_scripts/../../bin/x86_64-linux64-gtk2-debug/TurboBird_x86_64-linux64-gtk2-debug/TurboBird_x86_64-linux64-gtk2-debug-v1.2.1.1282
+ echo '✅ File renamed with version: /home/maurog/daten/mustafa/entwicklung/windows/lazarus/FireBird/turbobird/src/handle_scripts/../../bin/x86_64-linux64-gtk2-debug/TurboBird_x86_64-linux64-gtk2-debug/TurboBird_x86_64-linux64-gtk2-debug-v1.2.1.1282'
✅ File renamed with version: /home/maurog/daten/mustafa/entwicklung/windows/lazarus/FireBird/turbobird/src/handle_scripts/../../bin/x86_64-linux64-gtk2-debug/TurboBird_x86_64-linux64-gtk2-debug/TurboBird_x86_64-linux64-gtk2-debug-v1.2.1.1282
+ '[' ON = ON ']'
+ echo '✅ File renamed with version: /home/maurog/daten/mustafa/entwicklung/windows/lazarus/FireBird/turbobird/src/handle_scripts/../../bin/x86_64-linux64-gtk2-debug/TurboBird_x86_64-linux64-gtk2-debug/TurboBird_x86_64-linux64-gtk2-debug-v1.2.1.1282'
+ '[' OFF = ON ']'
+ chmod +x /home/maurog/daten/mustafa/entwicklung/windows/lazarus/FireBird/turbobird/src/handle_scripts/../../bin/x86_64-linux64-gtk2-debug/TurboBird_x86_64-linux64-gtk2-debug/TurboBird_x86_64-linux64-gtk2-debug-v1.2.1.1282
🔐 Marked as executable: /home/maurog/daten/mustafa/entwicklung/windows/lazarus/FireBird/turbobird/src/handle_scripts/../../bin/x86_64-linux64-gtk2-debug/TurboBird_x86_64-linux64-gtk2-debug/TurboBird_x86_64-linux64-gtk2-debug-v1.2.1.1282
📦 Compressing file, please wait...
+ log '🔐 Marked as executable: /home/maurog/daten/mustafa/entwicklung/windows/lazarus/FireBird/turbobird/src/handle_scripts/../../bin/x86_64-linux64-gtk2-debug/TurboBird_x86_64-linux64-gtk2-debug/TurboBird_x86_64-linux64-gtk2-debug-v1.2.1.1282'
+ echo '🔐 Marked as executable: /home/maurog/daten/mustafa/entwicklung/windows/lazarus/FireBird/turbobird/src/handle_scripts/../../bin/x86_64-linux64-gtk2-debug/TurboBird_x86_64-linux64-gtk2-debug/TurboBird_x86_64-linux64-gtk2-debug-v1.2.1.1282'
🔐 Marked as executable: /home/maurog/daten/mustafa/entwicklung/windows/lazarus/FireBird/turbobird/src/handle_scripts/../../bin/x86_64-linux64-gtk2-debug/TurboBird_x86_64-linux64-gtk2-debug/TurboBird_x86_64-linux64-gtk2-debug-v1.2.1.1282
+ '[' ON = ON ']'
+ echo '🔐 Marked as executable: /home/maurog/daten/mustafa/entwicklung/windows/lazarus/FireBird/turbobird/src/handle_scripts/../../bin/x86_64-linux64-gtk2-debug/TurboBird_x86_64-linux64-gtk2-debug/TurboBird_x86_64-linux64-gtk2-debug-v1.2.1.1282'
+ '[' ON = ON ']'
+ '[' false = true ']'
+ '[' ON = ON ']'
+ ZIP_FILE=/home/maurog/daten/mustafa/entwicklung/windows/lazarus/FireBird/turbobird/src/handle_scripts/../../bin/x86_64-linux64-gtk2-debug/TurboBird_x86_64-linux64-gtk2-debug/TurboBird_x86_64-linux64-gtk2-debug-v1.2.1.1282.zip
+ log '📦 Compressing file, please wait...'
+ echo '📦 Compressing file, please wait...'
📦 Compressing file, please wait...
+ '[' ON = ON ']'
+ echo '📦 Compressing file, please wait...'
+ zip -j -q /home/maurog/daten/mustafa/entwicklung/windows/lazarus/FireBird/turbobird/src/handle_scripts/../../bin/x86_64-linux64-gtk2-debug/TurboBird_x86_64-linux64-gtk2-debug/TurboBird_x86_64-linux64-gtk2-debug-v1.2.1.1282.zip /home/maurog/daten/mustafa/entwicklung/windows/lazarus/FireBird/turbobird/src/handle_scripts/../../bin/x86_64-linux64-gtk2-debug/TurboBird_x86_64-linux64-gtk2-debug/TurboBird_x86_64-linux64-gtk2-debug-v1.2.1.1282
++ stat -c%s /home/maurog/daten/mustafa/entwicklung/windows/lazarus/FireBird/turbobird/src/handle_scripts/../../bin/x86_64-linux64-gtk2-debug/TurboBird_x86_64-linux64-gtk2-debug/TurboBird_x86_64-linux64-gtk2-debug-v1.2.1.1282.zip
+ ZIP_SIZE=64139510
++ stat -c%s /home/maurog/daten/mustafa/entwicklung/windows/lazarus/FireBird/turbobird/src/handle_scripts/../../bin/x86_64-linux64-gtk2-debug/TurboBird_x86_64-linux64-gtk2-debug/TurboBird_x86_64-linux64-gtk2-debug-v1.2.1.1282
+ ORIG_SIZE=186714936
+ ((  ZIP_SIZE < ORIG_SIZE  ))
+ log '📦 Compressed: /home/maurog/daten/mustafa/entwicklung/windows/lazarus/FireBird/turbobird/src/handle_scripts/../../bin/x86_64-linux64-gtk2-debug/TurboBird_x86_64-linux64-gtk2-debug/TurboBird_x86_64-linux64-gtk2-debug-v1.2.1.1282.zip (from 178MB → 61MB)'
+ echo '📦 Compressed: /home/maurog/daten/mustafa/entwicklung/windows/lazarus/FireBird/turbobird/src/handle_scripts/../../bin/x86_64-linux64-gtk2-debug/TurboBird_x86_64-linux64-gtk2-debug/TurboBird_x86_64-linux64-gtk2-debug-v1.2.1.1282.zip (from 178MB → 61MB)'
📦 Compressed: /home/maurog/daten/mustafa/entwicklung/windows/lazarus/FireBird/turbobird/src/handle_scripts/../../bin/x86_64-linux64-gtk2-debug/TurboBird_x86_64-linux64-gtk2-debug/TurboBird_x86_64-linux64-gtk2-debug-v1.2.1.1282.zip (from 178MB → 61MB)
+ '[' ON = ON ']'
+ echo '📦 Compressed: /home/maurog/daten/mustafa/entwicklung/windows/lazarus/FireBird/turbobird/src/handle_scripts/../../bin/x86_64-linux64-gtk2-debug/TurboBird_x86_64-linux64-gtk2-debug/TurboBird_x86_64-linux64-gtk2-debug-v1.2.1.1282.zip (from 178MB → 61MB)'
📦 Compressed: /home/maurog/daten/mustafa/entwicklung/windows/lazarus/FireBird/turbobird/src/handle_scripts/../../bin/x86_64-linux64-gtk2-debug/TurboBird_x86_64-linux64-gtk2-debug/TurboBird_x86_64-linux64-gtk2-debug-v1.2.1.1282.zip (from 178MB → 61MB)
++ dirname /home/maurog/daten/mustafa/entwicklung/windows/lazarus/FireBird/turbobird/src/handle_scripts/../../bin/x86_64-linux64-gtk2-debug/TurboBird_x86_64-linux64-gtk2-debug/TurboBird_x86_64-linux64-gtk2-debug-v1.2.1.1282
+ DST_DIR=/home/maurog/daten/mustafa/entwicklung/windows/lazarus/FireBird/turbobird/src/handle_scripts/../../bin/x86_64-linux64-gtk2-debug/TurboBird_x86_64-linux64-gtk2-debug
++ basename /home/maurog/daten/mustafa/entwicklung/windows/lazarus/FireBird/turbobird/src/handle_scripts/../../bin/x86_64-linux64-gtk2-debug/TurboBird_x86_64-linux64-gtk2-debug/TurboBird_x86_64-linux64-gtk2-debug-v1.2.1.1282
+ DST_FILENAME=TurboBird_x86_64-linux64-gtk2-debug-v1.2.1.1282
+ '[' ON = ON ']'
+ BASENAME_RAW=TurboBird_x86_64-linux64-gtk2-debug
+ VERSION_TAG=-v1.2.1.1282
+ KEEP_BIN=TurboBird_x86_64-linux64-gtk2-debug-v1.2.1.1282
+ '[' false = true ']'
+ KEEP_EXE=
+ KEEP_ZIP=TurboBird_x86_64-linux64-gtk2-debug-v1.2.1.1282.zip
+ '[' ON = ON ']'
+ log '🧹 Cleaning up old versions of: TurboBird_x86_64-linux64-gtk2-debug'
+ echo '🧹 Cleaning up old versions of: TurboBird_x86_64-linux64-gtk2-debug'
🧹 Cleaning up old versions of: TurboBird_x86_64-linux64-gtk2-debug
+ '[' ON = ON ']'
+ echo '🧹 Cleaning up old versions of: TurboBird_x86_64-linux64-gtk2-debug'
🧹 Cleaning up old versions of: TurboBird_x86_64-linux64-gtk2-debug
+ find /home/maurog/daten/mustafa/entwicklung/windows/lazarus/FireBird/turbobird/src/handle_scripts/../../bin/x86_64-linux64-gtk2-debug/TurboBird_x86_64-linux64-gtk2-debug -type f -name 'TurboBird_x86_64-linux64-gtk2-debug-v*.zip' '!' -name TurboBird_x86_64-linux64-gtk2-debug-v1.2.1.1282.zip '!' -name '*.ini' -exec bash -c 'echo "🗑️ Deleting old ZIP: $1"; rm -v "$1"' _ '{}' ';'
+ find /home/maurog/daten/mustafa/entwicklung/windows/lazarus/FireBird/turbobird/src/handle_scripts/../../bin/x86_64-linux64-gtk2-debug/TurboBird_x86_64-linux64-gtk2-debug -type f -name 'TurboBird_x86_64-linux64-gtk2-debug-v*' '!' -name TurboBird_x86_64-linux64-gtk2-debug-v1.2.1.1282 '!' -name '' '!' -name TurboBird_x86_64-linux64-gtk2-debug-v1.2.1.1282.zip '!' -name '*.zip' '!' -name '*.ini' -exec bash -c 'echo "🗑️ Deleting old binary: $1"; rm -v "$1"' _ '{}' ';'
