🕒 Started: Sa 05 Sep 2026 22:03:35 CEST
🚀 Starting handle script for TurboBird [x86_64-linux64-qt5-release], version 1.2.1.1286
📌 SRC initially points to: /home/maurog/daten/mustafa/entwicklung/windows/lazarus/FireBird/turbobird/src/handle_scripts/../../bin/x86_64-linux64-qt5-release/TurboBird_x86_64-linux64-qt5-release/TurboBird_x86_64-linux64-qt5-release
+ '[' ON = ON ']'
+ log '🚀 Starting handle script for TurboBird [x86_64-linux64-qt5-release], version 1.2.1.1286'
+ echo '🚀 Starting handle script for TurboBird [x86_64-linux64-qt5-release], version 1.2.1.1286'
🚀 Starting handle script for TurboBird [x86_64-linux64-qt5-release], version 1.2.1.1286
+ '[' ON = ON ']'
+ echo '🚀 Starting handle script for TurboBird [x86_64-linux64-qt5-release], version 1.2.1.1286'
+ SRC=/home/maurog/daten/mustafa/entwicklung/windows/lazarus/FireBird/turbobird/src/handle_scripts/../../bin/x86_64-linux64-qt5-release/TurboBird_x86_64-linux64-qt5-release/TurboBird_x86_64-linux64-qt5-release
+ '[' -f /home/maurog/daten/mustafa/entwicklung/windows/lazarus/FireBird/turbobird/src/handle_scripts/../../bin/x86_64-linux64-qt5-release/TurboBird_x86_64-linux64-qt5-release/TurboBird_x86_64-linux64-qt5-release.exe ']'
+ log '📌 SRC initially points to: /home/maurog/daten/mustafa/entwicklung/windows/lazarus/FireBird/turbobird/src/handle_scripts/../../bin/x86_64-linux64-qt5-release/TurboBird_x86_64-linux64-qt5-release/TurboBird_x86_64-linux64-qt5-release'
+ echo '📌 SRC initially points to: /home/maurog/daten/mustafa/entwicklung/windows/lazarus/FireBird/turbobird/src/handle_scripts/../../bin/x86_64-linux64-qt5-release/TurboBird_x86_64-linux64-qt5-release/TurboBird_x86_64-linux64-qt5-release'
📌 SRC initially points to: /home/maurog/daten/mustafa/entwicklung/windows/lazarus/FireBird/turbobird/src/handle_scripts/../../bin/x86_64-linux64-qt5-release/TurboBird_x86_64-linux64-qt5-release/TurboBird_x86_64-linux64-qt5-release
+ '[' ON = ON ']'
+ echo '📌 SRC initially points to: /home/maurog/daten/mustafa/entwicklung/windows/lazarus/FireBird/turbobird/src/handle_scripts/../../bin/x86_64-linux64-qt5-release/TurboBird_x86_64-linux64-qt5-release/TurboBird_x86_64-linux64-qt5-release'
+ handle_file /home/maurog/daten/mustafa/entwicklung/windows/lazarus/FireBird/turbobird/src/handle_scripts/../../bin/x86_64-linux64-qt5-release/TurboBird_x86_64-linux64-qt5-release/TurboBird_x86_64-linux64-qt5-release
+ local src=/home/maurog/daten/mustafa/entwicklung/windows/lazarus/FireBird/turbobird/src/handle_scripts/../../bin/x86_64-linux64-qt5-release/TurboBird_x86_64-linux64-qt5-release/TurboBird_x86_64-linux64-qt5-release
+ DST=/home/maurog/daten/mustafa/entwicklung/windows/lazarus/FireBird/turbobird/src/handle_scripts/../../bin/x86_64-linux64-qt5-release/TurboBird_x86_64-linux64-qt5-release/TurboBird_x86_64-linux64-qt5-release
+ '[' ON = ON ']'
+ [[ /home/maurog/daten/mustafa/entwicklung/windows/lazarus/FireBird/turbobird/src/handle_scripts/../../bin/x86_64-linux64-qt5-release/TurboBird_x86_64-linux64-qt5-release/TurboBird_x86_64-linux64-qt5-release == *.exe ]]
+ DST=/home/maurog/daten/mustafa/entwicklung/windows/lazarus/FireBird/turbobird/src/handle_scripts/../../bin/x86_64-linux64-qt5-release/TurboBird_x86_64-linux64-qt5-release/TurboBird_x86_64-linux64-qt5-release-v1.2.1.1286
+ mv /home/maurog/daten/mustafa/entwicklung/windows/lazarus/FireBird/turbobird/src/handle_scripts/../../bin/x86_64-linux64-qt5-release/TurboBird_x86_64-linux64-qt5-release/TurboBird_x86_64-linux64-qt5-release /home/maurog/daten/mustafa/entwicklung/windows/lazarus/FireBird/turbobird/src/handle_scripts/../../bin/x86_64-linux64-qt5-release/TurboBird_x86_64-linux64-qt5-release/TurboBird_x86_64-linux64-qt5-release-v1.2.1.1286
+ log '✅ File renamed with version: /home/maurog/daten/mustafa/entwicklung/windows/lazarus/FireBird/turbobird/src/handle_scripts/../../bin/x86_64-linux64-qt5-release/TurboBird_x86_64-linux64-qt5-release/TurboBird_x86_64-linux64-qt5-release-v1.2.1.1286'
+ echo '✅ File renamed with version: /home/maurog/daten/mustafa/entwicklung/windows/lazarus/FireBird/turbobird/src/handle_scripts/../../bin/x86_64-linux64-qt5-release/TurboBird_x86_64-linux64-qt5-release/TurboBird_x86_64-linux64-qt5-release-v1.2.1.1286'
✅ File renamed with version: /home/maurog/daten/mustafa/entwicklung/windows/lazarus/FireBird/turbobird/src/handle_scripts/../../bin/x86_64-linux64-qt5-release/TurboBird_x86_64-linux64-qt5-release/TurboBird_x86_64-linux64-qt5-release-v1.2.1.1286
+ '[' ON = ON ']'
+ echo '✅ File renamed with version: /home/maurog/daten/mustafa/entwicklung/windows/lazarus/FireBird/turbobird/src/handle_scripts/../../bin/x86_64-linux64-qt5-release/TurboBird_x86_64-linux64-qt5-release/TurboBird_x86_64-linux64-qt5-release-v1.2.1.1286'
✅ File renamed with version: /home/maurog/daten/mustafa/entwicklung/windows/lazarus/FireBird/turbobird/src/handle_scripts/../../bin/x86_64-linux64-qt5-release/TurboBird_x86_64-linux64-qt5-release/TurboBird_x86_64-linux64-qt5-release-v1.2.1.1286
+ '[' OFF = ON ']'
+ chmod +x /home/maurog/daten/mustafa/entwicklung/windows/lazarus/FireBird/turbobird/src/handle_scripts/../../bin/x86_64-linux64-qt5-release/TurboBird_x86_64-linux64-qt5-release/TurboBird_x86_64-linux64-qt5-release-v1.2.1.1286
+ log '🔐 Marked as executable: /home/maurog/daten/mustafa/entwicklung/windows/lazarus/FireBird/turbobird/src/handle_scripts/../../bin/x86_64-linux64-qt5-release/TurboBird_x86_64-linux64-qt5-release/TurboBird_x86_64-linux64-qt5-release-v1.2.1.1286'
+ echo '🔐 Marked as executable: /home/maurog/daten/mustafa/entwicklung/windows/lazarus/FireBird/turbobird/src/handle_scripts/../../bin/x86_64-linux64-qt5-release/TurboBird_x86_64-linux64-qt5-release/TurboBird_x86_64-linux64-qt5-release-v1.2.1.1286'
🔐 Marked as executable: /home/maurog/daten/mustafa/entwicklung/windows/lazarus/FireBird/turbobird/src/handle_scripts/../../bin/x86_64-linux64-qt5-release/TurboBird_x86_64-linux64-qt5-release/TurboBird_x86_64-linux64-qt5-release-v1.2.1.1286
+ '[' ON = ON ']'
+ echo '🔐 Marked as executable: /home/maurog/daten/mustafa/entwicklung/windows/lazarus/FireBird/turbobird/src/handle_scripts/../../bin/x86_64-linux64-qt5-release/TurboBird_x86_64-linux64-qt5-release/TurboBird_x86_64-linux64-qt5-release-v1.2.1.1286'
🔐 Marked as executable: /home/maurog/daten/mustafa/entwicklung/windows/lazarus/FireBird/turbobird/src/handle_scripts/../../bin/x86_64-linux64-qt5-release/TurboBird_x86_64-linux64-qt5-release/TurboBird_x86_64-linux64-qt5-release-v1.2.1.1286
+ '[' ON = ON ']'
+ '[' false = true ']'
+ '[' ON = ON ']'
+ ZIP_FILE=/home/maurog/daten/mustafa/entwicklung/windows/lazarus/FireBird/turbobird/src/handle_scripts/../../bin/x86_64-linux64-qt5-release/TurboBird_x86_64-linux64-qt5-release/TurboBird_x86_64-linux64-qt5-release-v1.2.1.1286.zip
+ log '📦 Compressing file, please wait...'
+ echo '📦 Compressing file, please wait...'
📦 Compressing file, please wait...
+ '[' ON = ON ']'
+ echo '📦 Compressing file, please wait...'
📦 Compressing file, please wait...
+ zip -j -q /home/maurog/daten/mustafa/entwicklung/windows/lazarus/FireBird/turbobird/src/handle_scripts/../../bin/x86_64-linux64-qt5-release/TurboBird_x86_64-linux64-qt5-release/TurboBird_x86_64-linux64-qt5-release-v1.2.1.1286.zip /home/maurog/daten/mustafa/entwicklung/windows/lazarus/FireBird/turbobird/src/handle_scripts/../../bin/x86_64-linux64-qt5-release/TurboBird_x86_64-linux64-qt5-release/TurboBird_x86_64-linux64-qt5-release-v1.2.1.1286
++ stat -c%s /home/maurog/daten/mustafa/entwicklung/windows/lazarus/FireBird/turbobird/src/handle_scripts/../../bin/x86_64-linux64-qt5-release/TurboBird_x86_64-linux64-qt5-release/TurboBird_x86_64-linux64-qt5-release-v1.2.1.1286.zip
+ ZIP_SIZE=34211368
++ stat -c%s /home/maurog/daten/mustafa/entwicklung/windows/lazarus/FireBird/turbobird/src/handle_scripts/../../bin/x86_64-linux64-qt5-release/TurboBird_x86_64-linux64-qt5-release/TurboBird_x86_64-linux64-qt5-release-v1.2.1.1286
+ ORIG_SIZE=57805264
+ ((  ZIP_SIZE < ORIG_SIZE  ))
+ log '📦 Compressed: /home/maurog/daten/mustafa/entwicklung/windows/lazarus/FireBird/turbobird/src/handle_scripts/../../bin/x86_64-linux64-qt5-release/TurboBird_x86_64-linux64-qt5-release/TurboBird_x86_64-linux64-qt5-release-v1.2.1.1286.zip (from 55MB → 32MB)'
+ echo '📦 Compressed: /home/maurog/daten/mustafa/entwicklung/windows/lazarus/FireBird/turbobird/src/handle_scripts/../../bin/x86_64-linux64-qt5-release/TurboBird_x86_64-linux64-qt5-release/TurboBird_x86_64-linux64-qt5-release-v1.2.1.1286.zip (from 55MB → 32MB)'
📦 Compressed: /home/maurog/daten/mustafa/entwicklung/windows/lazarus/FireBird/turbobird/src/handle_scripts/../../bin/x86_64-linux64-qt5-release/TurboBird_x86_64-linux64-qt5-release/TurboBird_x86_64-linux64-qt5-release-v1.2.1.1286.zip (from 55MB → 32MB)
+ '[' ON = ON ']'
+ echo '📦 Compressed: /home/maurog/daten/mustafa/entwicklung/windows/lazarus/FireBird/turbobird/src/handle_scripts/../../bin/x86_64-linux64-qt5-release/TurboBird_x86_64-linux64-qt5-release/TurboBird_x86_64-linux64-qt5-release-v1.2.1.1286.zip (from 55MB → 32MB)'
📦 Compressed: /home/maurog/daten/mustafa/entwicklung/windows/lazarus/FireBird/turbobird/src/handle_scripts/../../bin/x86_64-linux64-qt5-release/TurboBird_x86_64-linux64-qt5-release/TurboBird_x86_64-linux64-qt5-release-v1.2.1.1286.zip (from 55MB → 32MB)
++ dirname /home/maurog/daten/mustafa/entwicklung/windows/lazarus/FireBird/turbobird/src/handle_scripts/../../bin/x86_64-linux64-qt5-release/TurboBird_x86_64-linux64-qt5-release/TurboBird_x86_64-linux64-qt5-release-v1.2.1.1286
+ DST_DIR=/home/maurog/daten/mustafa/entwicklung/windows/lazarus/FireBird/turbobird/src/handle_scripts/../../bin/x86_64-linux64-qt5-release/TurboBird_x86_64-linux64-qt5-release
++ basename /home/maurog/daten/mustafa/entwicklung/windows/lazarus/FireBird/turbobird/src/handle_scripts/../../bin/x86_64-linux64-qt5-release/TurboBird_x86_64-linux64-qt5-release/TurboBird_x86_64-linux64-qt5-release-v1.2.1.1286
+ DST_FILENAME=TurboBird_x86_64-linux64-qt5-release-v1.2.1.1286
+ '[' ON = ON ']'
+ BASENAME_RAW=TurboBird_x86_64-linux64-qt5-release
+ VERSION_TAG=-v1.2.1.1286
+ KEEP_BIN=TurboBird_x86_64-linux64-qt5-release-v1.2.1.1286
+ '[' false = true ']'
+ KEEP_EXE=
+ KEEP_ZIP=TurboBird_x86_64-linux64-qt5-release-v1.2.1.1286.zip
+ '[' ON = ON ']'
+ log '🧹 Cleaning up old versions of: TurboBird_x86_64-linux64-qt5-release'
+ echo '🧹 Cleaning up old versions of: TurboBird_x86_64-linux64-qt5-release'
🧹 Cleaning up old versions of: TurboBird_x86_64-linux64-qt5-release
+ '[' ON = ON ']'
+ echo '🧹 Cleaning up old versions of: TurboBird_x86_64-linux64-qt5-release'
🧹 Cleaning up old versions of: TurboBird_x86_64-linux64-qt5-release
+ find /home/maurog/daten/mustafa/entwicklung/windows/lazarus/FireBird/turbobird/src/handle_scripts/../../bin/x86_64-linux64-qt5-release/TurboBird_x86_64-linux64-qt5-release -type f -name 'TurboBird_x86_64-linux64-qt5-release-v*.zip' '!' -name TurboBird_x86_64-linux64-qt5-release-v1.2.1.1286.zip '!' -name '*.ini' -exec bash -c 'echo "🗑️ Deleting old ZIP: $1"; rm -v "$1"' _ '{}' ';'
+ find /home/maurog/daten/mustafa/entwicklung/windows/lazarus/FireBird/turbobird/src/handle_scripts/../../bin/x86_64-linux64-qt5-release/TurboBird_x86_64-linux64-qt5-release -type f -name 'TurboBird_x86_64-linux64-qt5-release-v*' '!' -name TurboBird_x86_64-linux64-qt5-release-v1.2.1.1286 '!' -name '' '!' -name TurboBird_x86_64-linux64-qt5-release-v1.2.1.1286.zip '!' -name '*.zip' '!' -name '*.ini' -exec bash -c 'echo "🗑️ Deleting old binary: $1"; rm -v "$1"' _ '{}' ';'
